
> paramo-libre@1.0.0 start
> ng serve --host 127.0.0.1 --port 4300

[33m>[39m Building...
[32m√[39m Building...
[1mInitial chunk files[22m[2m | [22m[1mNames[22m                [2m | [22m [1mRaw size[22m
[32mstyles.css[39m         [2m | [22m[2mstyles[22m               [2m | [22m[36m291.37 kB[39m[2m | [22m
[32mmain.js[39m            [2m | [22m[2mmain[22m                 [2m | [22m[36m250.10 kB[39m[2m | [22m
[32mscripts.js[39m         [2m | [22m[2mscripts[22m              [2m | [22m[36m107.73 kB[39m[2m | [22m
[32mchunk-TMEE4HK4.js[39m  [2m | [22m[2m-[22m                    [2m | [22m  [36m3.94 kB[39m[2m | [22m
[32mchunk-RWON5MTF.js[39m  [2m | [22m[2m-[22m                    [2m | [22m  [36m3.72 kB[39m[2m | [22m
[32mchunk-CMBZQ5IW.js[39m  [2m | [22m[2m-[22m                    [2m | [22m[36m929 bytes[39m[2m | [22m
[32mchunk-SG2LYVAH.js[39m  [2m | [22m[2m-[22m                    [2m | [22m[36m894 bytes[39m[2m | [22m
[32mchunk-SQP3Q44L.js[39m  [2m | [22m[2m-[22m                    [2m | [22m[36m213 bytes[39m[2m | [22m
[32mpolyfills.js[39m       [2m | [22m[2mpolyfills[22m            [2m | [22m [36m95 bytes[39m[2m | [22m

[1m [22m                  [2m | [22m[1mInitial total[22m        [2m | [22m[1m658.99 kB[22m

[1mLazy chunk files[22m   [2m | [22m[1mNames[22m                [2m | [22m [1mRaw size[22m
[32mchunk-5BGAVUPU.js[39m  [2m | [22m[2mcatalog-component[22m    [2m | [22m [36m62.52 kB[39m[2m | [22m
[32mchunk-JA74Z7U5.js[39m  [2m | [22m[2mregister-component[22m   [2m | [22m [36m45.91 kB[39m[2m | [22m
[32mchunk-3V2IL26Y.js[39m  [2m | [22m[2mbook-detail-component[22m[2m | [22m [36m39.32 kB[39m[2m | [22m
[32mchunk-OIBUG3JV.js[39m  [2m | [22m[2mhome[22m                 [2m | [22m [36m36.30 kB[39m[2m | [22m
[32mchunk-SLSGXVUU.js[39m  [2m | [22m[2mdashboard-component[22m  [2m | [22m [36m33.72 kB[39m[2m | [22m
[32mchunk-H6AK7MVS.js[39m  [2m | [22m[2mlogin-component[22m      [2m | [22m [36m32.75 kB[39m[2m | [22m

Application bundle generation complete. [3.242 seconds] - 2026-08-02T15:27:08.311Z

Watch mode enabled. Watching for file changes...
NOTE: Raw file sizes do not reflect development server per-request transformations.
  [32m➜[39m  [1mLocal[22m:   [36mhttp://127.0.0.1:[1m4300[22m/[39m
[33m>[39m Changes detected. Rebuilding...
[32m√[39m Changes detected. Rebuilding...
Application bundle generation failed. [1.562 seconds] - 2026-08-02T15:35:15.631Z

[33m>[39m Changes detected. Rebuilding...
[32m√[39m Changes detected. Rebuilding...
Application bundle generation failed. [0.389 seconds] - 2026-08-02T15:42:09.922Z

[33m>[39m Changes detected. Rebuilding...
[32m√[39m Changes detected. Rebuilding...
Application bundle generation failed. [0.003 seconds] - 2026-08-02T15:42:10.777Z

[33m>[39m Changes detected. Rebuilding...
[32m√[39m Changes detected. Rebuilding...
Application bundle generation failed. [0.276 seconds] - 2026-08-02T15:42:12.681Z

[33m>[39m Changes detected. Rebuilding...
[32m√[39m Changes detected. Rebuilding...
Application bundle generation failed. [0.001 seconds] - 2026-08-02T15:42:13.550Z

[33m>[39m Changes detected. Rebuilding...
[32m√[39m Changes detected. Rebuilding...
Application bundle generation failed. [0.684 seconds] - 2026-08-02T15:42:22.443Z

[33m>[39m Changes detected. Rebuilding...
[32m√[39m Changes detected. Rebuilding...
Application bundle generation failed. [0.966 seconds] - 2026-08-02T15:42:38.939Z

[33m>[39m Changes detected. Rebuilding...
[32m√[39m Changes detected. Rebuilding...
Application bundle generation failed. [0.004 seconds] - 2026-08-02T15:42:39.406Z

[33m>[39m Changes detected. Rebuilding...
[32m√[39m Changes detected. Rebuilding...
Application bundle generation failed. [1.142 seconds] - 2026-08-02T15:44:17.788Z

[33m>[39m Changes detected. Rebuilding...
[32m√[39m Changes detected. Rebuilding...
Application bundle generation failed. [0.002 seconds] - 2026-08-02T15:44:18.275Z

[33m>[39m Changes detected. Rebuilding...
[32m√[39m Changes detected. Rebuilding...
Application bundle generation failed. [0.002 seconds] - 2026-08-02T15:44:19.760Z

[33m>[39m Changes detected. Rebuilding...
[32m√[39m Changes detected. Rebuilding...
Application bundle generation failed. [0.002 seconds] - 2026-08-02T15:44:20.819Z

[33m>[39m Changes detected. Rebuilding...
[32m√[39m Changes detected. Rebuilding...
Application bundle generation failed. [0.885 seconds] - 2026-08-02T15:44:23.409Z

[33m>[39m Changes detected. Rebuilding...
[32m√[39m Changes detected. Rebuilding...
Application bundle generation failed. [0.002 seconds] - 2026-08-02T15:44:23.889Z

[33m>[39m Changes detected. Rebuilding...
[32m√[39m Changes detected. Rebuilding...
Application bundle generation failed. [1.371 seconds] - 2026-08-02T15:44:44.966Z

[33m>[39m Changes detected. Rebuilding...
[32m√[39m Changes detected. Rebuilding...
Application bundle generation failed. [0.001 seconds] - 2026-08-02T15:44:45.474Z

[33m>[39m Changes detected. Rebuilding...
[32m√[39m Changes detected. Rebuilding...
Application bundle generation failed. [1.142 seconds] - 2026-08-02T15:58:59.799Z

[33m>[39m Changes detected. Rebuilding...
[32m√[39m Changes detected. Rebuilding...
Application bundle generation failed. [0.573 seconds] - 2026-08-02T15:59:00.388Z

[33m>[39m Changes detected. Rebuilding...
[32m√[39m Changes detected. Rebuilding...
Application bundle generation failed. [0.730 seconds] - 2026-08-02T15:59:05.165Z

[33m>[39m Changes detected. Rebuilding...
[32m√[39m Changes detected. Rebuilding...
Application bundle generation failed. [0.832 seconds] - 2026-08-02T15:59:06.179Z

[33m>[39m Changes detected. Rebuilding...
[32m√[39m Changes detected. Rebuilding...
Application bundle generation failed. [0.722 seconds] - 2026-08-02T15:59:11.932Z

[33m>[39m Changes detected. Rebuilding...
[32m√[39m Changes detected. Rebuilding...
Application bundle generation failed. [0.796 seconds] - 2026-08-02T15:59:14.351Z

[33m>[39m Changes detected. Rebuilding...
[32m√[39m Changes detected. Rebuilding...
Application bundle generation failed. [0.714 seconds] - 2026-08-02T15:59:15.069Z

[33m>[39m Changes detected. Rebuilding...
[32m√[39m Changes detected. Rebuilding...
Application bundle generation failed. [0.001 seconds] - 2026-08-02T15:59:15.162Z

[33m>[39m Changes detected. Rebuilding...
[32m√[39m Changes detected. Rebuilding...
Application bundle generation failed. [0.743 seconds] - 2026-08-02T15:59:20.302Z

[33m>[39m Changes detected. Rebuilding...
[32m√[39m Changes detected. Rebuilding...
Application bundle generation failed. [0.835 seconds] - 2026-08-02T15:59:21.147Z

[33m>[39m Changes detected. Rebuilding...
[32m√[39m Changes detected. Rebuilding...
Application bundle generation failed. [0.747 seconds] - 2026-08-02T15:59:21.898Z

[33m>[39m Changes detected. Rebuilding...
[32m√[39m Changes detected. Rebuilding...
Application bundle generation failed. [0.523 seconds] - 2026-08-02T15:59:23.354Z

[33m>[39m Changes detected. Rebuilding...
[32m√[39m Changes detected. Rebuilding...
Application bundle generation failed. [0.529 seconds] - 2026-08-02T15:59:23.885Z

[33m>[39m Changes detected. Rebuilding...
[32m√[39m Changes detected. Rebuilding...
Application bundle generation failed. [0.493 seconds] - 2026-08-02T15:59:24.383Z

[33m>[39m Changes detected. Rebuilding...
[32m√[39m Changes detected. Rebuilding...
Application bundle generation failed. [0.474 seconds] - 2026-08-02T15:59:24.861Z

[33m>[39m Changes detected. Rebuilding...
[32m√[39m Changes detected. Rebuilding...
Application bundle generation failed. [0.932 seconds] - 2026-08-02T15:59:25.798Z

[33m>[39m Changes detected. Rebuilding...
[32m√[39m Changes detected. Rebuilding...
Application bundle generation failed. [0.749 seconds] - 2026-08-02T15:59:26.552Z

[33m>[39m Changes detected. Rebuilding...
[32m√[39m Changes detected. Rebuilding...
Application bundle generation failed. [0.565 seconds] - 2026-08-02T15:59:30.197Z

[33m>[39m Changes detected. Rebuilding...
[32m√[39m Changes detected. Rebuilding...
Application bundle generation failed. [0.333 seconds] - 2026-08-02T15:59:33.343Z

[33m>[39m Changes detected. Rebuilding...
[32m√[39m Changes detected. Rebuilding...
Application bundle generation failed. [0.414 seconds] - 2026-08-02T15:59:36.394Z

[33m>[39m Changes detected. Rebuilding...
[32m√[39m Changes detected. Rebuilding...
Application bundle generation failed. [0.415 seconds] - 2026-08-02T15:59:46.921Z

[33m>[39m Changes detected. Rebuilding...
[32m√[39m Changes detected. Rebuilding...
Application bundle generation failed. [0.396 seconds] - 2026-08-02T15:59:52.015Z

[33m>[39m Changes detected. Rebuilding...
[32m√[39m Changes detected. Rebuilding...
Application bundle generation failed. [0.567 seconds] - 2026-08-02T15:59:52.585Z

[33m>[39m Changes detected. Rebuilding...
[32m√[39m Changes detected. Rebuilding...
Application bundle generation failed. [0.457 seconds] - 2026-08-02T15:59:53.048Z

[33m>[39m Changes detected. Rebuilding...
[32m√[39m Changes detected. Rebuilding...
Application bundle generation failed. [0.381 seconds] - 2026-08-02T15:59:54.494Z

[33m>[39m Changes detected. Rebuilding...
[32m√[39m Changes detected. Rebuilding...
Application bundle generation failed. [0.201 seconds] - 2026-08-02T15:59:56.284Z

[33m>[39m Changes detected. Rebuilding...
[32m√[39m Changes detected. Rebuilding...
Application bundle generation failed. [0.001 seconds] - 2026-08-02T16:00:30.770Z

